 21:02:03 up 6 days,  1:07,  5 users,  load average: 46.16, 50.12, 52.53
FM_TEST_BEGIN 2026-09-22T21:02:04Z tests/fm-watch-arm.test.sh family=watcher-wake-lock expected_gate_skip=none
ok - watch-arm: an attached arm reports the wake its cycle delivered instead of a false failure
ok - watch-arm: a delivered wake consumed by the handling turn still closes the attached arm cleanly
ok - watch-arm: an unusable launch confirm window refuses to arm by name
ok - watch-arm: a cycle that delivered no wake of its own still fails loudly
/home/firstmate/.no-mistakes/worktrees/42fe67ed39fa/01M35EQD2J30Y3ZDRPSV13NDJD/bin/fm-watch-arm.sh: line 566: 2920621 Killed                     "$WATCH" > "$child_out"
WAKE_ACK_REQUIRED: after handling completes run bin/fm-wake-drain.sh --ack-through 2 --recovery-generation 2924191.1790110975.f3VnIF
ok - watch-arm: re-arm surfaces every queued wake and an open remote decision after downtime
/home/firstmate/.no-mistakes/worktrees/42fe67ed39fa/01M35EQD2J30Y3ZDRPSV13NDJD/bin/fm-watch-arm.sh: line 566: 2972185 Killed                     "$WATCH" > "$child_out"
WAKE_ACK_REQUIRED: after handling completes run bin/fm-wake-drain.sh --ack-through 1 --recovery-generation 2976294.1790111046.sTcbci
ok - watch-arm: a re-arm whose recovery cycle runs slowly still surfaces it
watcher: recovery state could not be persisted; retaining stale lock evidence
ok - watch-arm: marker publication failure retains stale-lock recovery evidence
WAKE_ACK_REQUIRED: after handling completes run bin/fm-wake-drain.sh --ack-through 2 --recovery-generation 3013784.1790111097.uPf1nQ
WAKE_ACK_REQUIRED: after handling completes run bin/fm-wake-drain.sh --ack-through 3 --recovery-generation 3028498.1790111117.vU600m
ok - watch-arm: a wake queued after handling drain is recovered once at successor arm
ok - watch-arm: interrupted handling leaves its wake durable for successor re-drain
WAKE_ACK_REQUIRED: after handling completes run bin/fm-wake-drain.sh --ack-through 0 --recovery-generation 3092679.1790111209.ULINmQ
ok - watch-arm: malformed recovery state is quarantined without a successor loop
WAKE_ACK_REQUIRED: after handling completes run bin/fm-wake-drain.sh --ack-through 1 --recovery-generation 3116002.1790111240.sYnnJs
ok - watch-arm: publication after recovery handoff is surfaced
ok - watch-arm: restart publishes recovery before clearing a reused-pid watcher lock
WAKE_ACK_REQUIRED: after handling completes run bin/fm-wake-drain.sh --ack-through 7 --recovery-generation 3140320.1790111272.bkhA9d
ok - watch-arm: markerless legacy queues are adopted and recovered
ok - watch-arm: a watcher close during handling keeps the printed acknowledgement valid
ok - watch-arm: a moved recovery generation consumes handled rows and names its remedy
ok - watch-arm: downtime marker publication does not follow symlinks
FM_TEST_END 2026-09-22T21:09:55Z tests/fm-watch-arm.test.sh exit=0 duration_ms=471485 gate_skip=false
FM_TEST_SUMMARY total=1 failed=0 skipped_gate=0 duration_ms=472060
FM_TEST_SUMMARY_FAMILY family=watcher-wake-lock count=1 duration_ms=471485 failed=0
FM_TEST_SLOWEST rank=1 script=tests/fm-watch-arm.test.sh duration_ms=471485

real	7m52.208s
user	1m24.063s
sys	4m17.925s
rc=0
