# host signing layer: GIT_CONFIG_GLOBAL=<scratch: commit.gpgsign=true gpg.program=gpg>, GNUPGHOME=<empty keyring>
$ (base 527aa7c) bin/fm-test-run.sh tests/fm-project-origin.test.sh tests/fm-spawn-worktree-settle.test.sh tests/fm-gitignore-config.test.sh
FM_TEST_BEGIN 2026-09-10T19:44:43Z tests/fm-project-origin.test.sh family=standalone expected_gate_skip=none
FM_TEST_BEGIN 2026-09-10T19:44:43Z tests/fm-gitignore-config.test.sh family=standalone expected_gate_skip=none
fatal: not a git repository (or any of the parent directories): .git
not ok - git does not ignore config/unlisted-key-26830-15779-28326 (config/ must be ignored as a directory)
FM_TEST_END 2026-09-10T19:44:43Z tests/fm-gitignore-config.test.sh exit=1 duration_ms=178 gate_skip=false
error: gpg failed to sign the data:
gpg: skipped "Firstmate Tests <tests@example.invalid>": No secret key
[GNUPG:] INV_SGNR 9 Firstmate Tests <tests@example.invalid>
[GNUPG:] FAILURE sign 17
gpg: signing failed: No secret key

fatal: failed to write commit object
warning: You appear to have cloned an empty repository.
warning: You appear to have cloned an empty repository.
warning: You appear to have cloned an empty repository.
not ok - the file:// clone produced no worktree
FM_TEST_END 2026-09-10T19:44:43Z tests/fm-project-origin.test.sh exit=1 duration_ms=368 gate_skip=false
FM_TEST_BEGIN 2026-09-10T19:44:43Z tests/fm-spawn-worktree-settle.test.sh family=backend-dispatch expected_gate_skip=none
error: gpg failed to sign the data:
gpg: skipped "Firstmate Tests <tests@example.invalid>": No secret key
[GNUPG:] INV_SGNR 9 Firstmate Tests <tests@example.invalid>
[GNUPG:] FAILURE sign 17
gpg: signing failed: No secret key

fatal: failed to write commit object
warning: You appear to have cloned an empty repository.
error: gpg failed to sign the data:
gpg: skipped "Firstmate Tests <tests@example.invalid>": No secret key
[GNUPG:] INV_SGNR 9 Firstmate Tests <tests@example.invalid>
[GNUPG:] FAILURE sign 17
gpg: signing failed: No secret key

fatal: failed to write commit object
not ok - spawn should succeed once the pane settles: expected exit 0, got 1
FM_TEST_END 2026-09-10T19:44:47Z tests/fm-spawn-worktree-settle.test.sh exit=1 duration_ms=3503 gate_skip=false
FM_TEST_SUMMARY total=3 failed=3 skipped_gate=0 duration_ms=4472
FM_TEST_SUMMARY_FAMILY family=backend-dispatch count=1 duration_ms=3503 failed=1
FM_TEST_SUMMARY_FAMILY family=standalone count=2 duration_ms=546 failed=2
FM_TEST_SLOWEST rank=1 script=tests/fm-spawn-worktree-settle.test.sh duration_ms=3503
FM_TEST_SLOWEST rank=2 script=tests/fm-project-origin.test.sh duration_ms=368
FM_TEST_SLOWEST rank=3 script=tests/fm-gitignore-config.test.sh duration_ms=178
exit=1
