# host signing layer: GIT_CONFIG_GLOBAL=<scratch: commit.gpgsign=true gpg.program=gpg>, GNUPGHOME=<empty keyring>
$ (head 1246f09) bin/fm-test-run.sh tests/fm-project-origin.test.sh tests/fm-spawn-worktree-settle.test.sh tests/fm-gitignore-config.test.sh
FM_TEST_BEGIN 2026-09-10T19:44:47Z tests/fm-project-origin.test.sh family=standalone expected_gate_skip=none
FM_TEST_BEGIN 2026-09-10T19:44:47Z tests/fm-gitignore-config.test.sh family=standalone expected_gate_skip=none
ok - config/ is ignored as a directory, covering unlisted and nested paths
ok - an unrelated path outside config/ remains visible to git
ok - names starting with scratchpad are gitignored
ok - no currently tracked path starts with scratchpad
ok - scratchpad2/ does not make git status --porcelain dirty
FM_TEST_END 2026-09-10T19:44:48Z tests/fm-gitignore-config.test.sh exit=0 duration_ms=385 gate_skip=false
ok - ordinary clone URLs are accepted and clone with the command the remote host runs
ok - executable transports, option-shaped values, and unusable spellings are refused
ALL TESTS PASSED
FM_TEST_END 2026-09-10T19:44:48Z tests/fm-project-origin.test.sh exit=0 duration_ms=716 gate_skip=false
FM_TEST_BEGIN 2026-09-10T19:44:48Z tests/fm-spawn-worktree-settle.test.sh family=backend-dispatch expected_gate_skip=none
ok - a single transient stale pane_current_path read is not accepted as the worktree
ok - an already-settled pane confirms on the next read, not a whole extra cycle
ok - a transient primary-checkout pane read is not accepted as the worktree
ok - a pane stuck on the primary checkout fails loudly at the deadline
# all fm-spawn-worktree-settle tests passed
FM_TEST_END 2026-09-10T19:45:07Z tests/fm-spawn-worktree-settle.test.sh exit=0 duration_ms=18601 gate_skip=false
FM_TEST_SUMMARY total=3 failed=0 skipped_gate=0 duration_ms=20082
FM_TEST_SUMMARY_FAMILY family=backend-dispatch count=1 duration_ms=18601 failed=0
FM_TEST_SUMMARY_FAMILY family=standalone count=2 duration_ms=1101 failed=0
FM_TEST_SLOWEST rank=1 script=tests/fm-spawn-worktree-settle.test.sh duration_ms=18601
FM_TEST_SLOWEST rank=2 script=tests/fm-project-origin.test.sh duration_ms=716
FM_TEST_SLOWEST rank=3 script=tests/fm-gitignore-config.test.sh duration_ms=385
exit=0
