tree=/tmp/fm-base-261eae8
ROOT=/tmp/fm-base-261eae8
TMP_ROOT=/private/var/folders/r8/cylyt7xd7t50y9x5wc05my380000gn/T/fm-wake-tests.3mXOGd
not ok - a mate inside a turn was reported as a stalled wake loop
RED - test_secondmate_busy_turn_exempts_aged_foreign_row
not ok - idle mate stall age 100 did not start at the later turn end
RED - test_secondmate_idle_turn_fires_once_from_turn_end_age
not ok - a row fired before a full idle threshold elapsed after turn end
RED - test_secondmate_row_waits_a_full_threshold_after_turn_end
not ok - a cursor mate inside a transcript turn was reported as a stalled wake loop
RED - test_secondmate_cursor_row_waits_for_transcript_turn_end
not ok - an unavailable busy read used the short idle threshold
RED - test_secondmate_unknown_busy_state_uses_long_turn_threshold
not ok - a grok idle verdict with no settled time used the short idle threshold
RED - test_secondmate_grok_idle_without_settled_time_uses_long_turn_threshold
ok - an unverified endpoint still ages its row from the mate's own idle record
ok - foreign secondmate queue stalls notify once, remain byte-stable, and stay quiet when empty or healthy
ok - secondmate stall markers reject symlinks without touching their targets
ok - stall publication acknowledgement closes the pre-marker crash window
ok - empty prefix mate cleanup preserves another mate's stall receipt
red=6

real	0m19.768s
user	0m4.297s
sys	0m7.869s
