[2026-10-01T16:43:14+0200] absorbed stale (paused, awaiting external, age 7s): lab:crew
[2026-10-01T16:43:15+0200] absorbed stale (paused, awaiting external, age 8s): lab:crew
[2026-10-01T16:43:17+0200] absorbed stale (paused, awaiting external, age 10s): lab:crew
[2026-10-01T16:43:19+0200] absorbed stale (paused, awaiting external, age 12s): lab:crew
[2026-10-01T16:43:20+0200] absorbed stale (paused, awaiting external, age 13s): lab:crew
[2026-10-01T16:43:22+0200] absorbed stale (paused, awaiting external, age 15s): lab:crew
[2026-10-01T16:43:24+0200] absorbed stale (paused, awaiting external, age 17s): lab:crew
[2026-10-01T16:43:25+0200] absorbed stale (paused, awaiting external, age 18s): lab:crew
[2026-10-01T16:43:27+0200] absorbed stale (paused, awaiting external, age 20s): lab:crew
[2026-10-01T16:43:28+0200] absorbed stale (paused, awaiting external, age 21s): lab:crew
[2026-10-01T16:43:30+0200] absorbed stale (paused, awaiting external, age 23s): lab:crew
[2026-10-01T16:43:32+0200] absorbed stale (paused, awaiting external, age 25s): lab:crew
[2026-10-01T16:43:33+0200] absorbed stale (paused, awaiting external, age 26s): lab:crew
[2026-10-01T16:43:35+0200] absorbed stale (paused, awaiting external, age 28s): lab:crew
[2026-10-01T16:43:37+0200] absorbed stale (paused, awaiting external, age 30s): lab:crew
[2026-10-01T16:43:38+0200] absorbed stale (paused, awaiting external, age 31s): lab:crew
[2026-10-01T16:43:40+0200] absorbed stale (paused, awaiting external, age 33s): lab:crew
[2026-10-01T16:43:42+0200] absorbed stale (paused, awaiting external, age 34s): lab:crew
[2026-10-01T16:43:43+0200] absorbed stale (paused, awaiting external, age 36s): lab:crew
[2026-10-01T16:43:45+0200] absorbed stale (paused, awaiting external, age 38s): lab:crew
[2026-10-01T16:43:46+0200] absorbed stale (paused, awaiting external, age 39s): lab:crew
[2026-10-01T16:43:48+0200] absorbed stale (paused, awaiting external, age 41s): lab:crew
[2026-10-01T16:43:50+0200] absorbed stale (paused, awaiting external, age 43s): lab:crew
[2026-10-01T16:43:51+0200] absorbed stale (paused, awaiting external, age 44s): lab:crew
[2026-10-01T16:43:53+0200] absorbed stale (paused, awaiting external, age 46s): lab:crew
[2026-10-01T16:43:58+0200] absorbed stale (paused, awaiting external, age 51s): lab:crew
[2026-10-01T16:44:00+0200] absorbed stale (paused, awaiting external, age 53s): lab:crew
[2026-10-01T16:44:02+0200] absorbed stale (paused, awaiting external, age 55s): lab:crew
[2026-10-01T16:44:03+0200] absorbed stale (paused, awaiting external, age 56s): lab:crew
[2026-10-01T16:44:05+0200] absorbed stale (paused, awaiting external, age 58s): lab:crew
[2026-10-01T16:44:07+0200] absorbed stale (paused, awaiting external, age 60s): lab:crew
[2026-10-01T16:44:08+0200] absorbed stale (paused, awaiting external, age 61s): lab:crew
[2026-10-01T16:44:10+0200] absorbed stale (paused, awaiting external, age 63s): lab:crew
[2026-10-01T16:44:12+0200] absorbed stale (paused, awaiting external, age 65s): lab:crew
[2026-10-01T16:44:13+0200] absorbed stale (paused, awaiting external, age 66s): lab:crew
[2026-10-01T16:44:15+0200] absorbed stale (paused, awaiting external, age 68s): lab:crew
[2026-10-01T16:44:17+0200] absorbed stale (paused, awaiting external, age 70s): lab:crew
[2026-10-01T16:44:18+0200] absorbed stale (paused, awaiting external, age 71s): lab:crew
[2026-10-01T16:44:20+0200] absorbed stale (paused, awaiting external, age 73s): lab:crew
[2026-10-01T16:44:21+0200] absorbed stale (paused, awaiting external, age 74s): lab:crew
[2026-10-01T16:44:23+0200] absorbed stale (paused, awaiting external, age 76s): lab:crew
[2026-10-01T16:44:25+0200] absorbed stale (paused, awaiting external, age 78s): lab:crew
[2026-10-01T16:44:26+0200] absorbed stale (paused, awaiting external, age 79s): lab:crew
[2026-10-01T16:44:28+0200] absorbed stale (paused, awaiting external, age 81s): lab:crew
[2026-10-01T16:44:30+0200] absorbed stale (paused, awaiting external, age 83s): lab:crew
[2026-10-01T16:44:31+0200] absorbed stale (paused, awaiting external, age 84s): lab:crew
[2026-10-01T16:44:33+0200] absorbed stale (paused, awaiting external, age 86s): lab:crew
[2026-10-01T16:44:34+0200] absorbed stale (paused, awaiting external, age 87s): lab:crew
[2026-10-01T16:44:36+0200] absorbed stale (paused, awaiting external, age 89s): lab:crew
[2026-10-01T16:44:38+0200] absorbed stale (paused, awaiting external, age 91s): lab:crew
[2026-10-01T16:44:39+0200] absorbed stale (paused, awaiting external, age 92s): lab:crew
[2026-10-01T16:44:45+0200] absorbed stale (paused, awaiting external, age 98s): lab:crew
[2026-10-01T16:44:47+0200] absorbed stale (paused, awaiting external, age 99s): lab:crew
[2026-10-01T16:44:48+0200] absorbed stale (paused, awaiting external, age 101s): lab:crew
[2026-10-01T16:44:50+0200] absorbed stale (paused, awaiting external, age 103s): lab:crew
[2026-10-01T16:44:52+0200] absorbed stale (paused, awaiting external, age 105s): lab:crew
[2026-10-01T16:44:53+0200] absorbed stale (paused, awaiting external, age 106s): lab:crew
[2026-10-01T16:44:55+0200] absorbed stale (paused, awaiting external, age 108s): lab:crew
[2026-10-01T16:45:00+0200] absorbed stale (paused, awaiting external, age 5s): lab:crew
[2026-10-01T16:45:02+0200] absorbed stale (paused, awaiting external, age 7s): lab:crew
[2026-10-01T16:45:04+0200] absorbed stale (paused, awaiting external, age 9s): lab:crew
[2026-10-01T16:45:05+0200] absorbed stale (paused, awaiting external, age 10s): lab:crew
[2026-10-01T16:45:07+0200] absorbed stale (paused, awaiting external, age 12s): lab:crew
[2026-10-01T16:45:08+0200] absorbed stale (paused, awaiting external, age 13s): lab:crew
[2026-10-01T16:45:10+0200] absorbed stale (paused, awaiting external, age 15s): lab:crew
[2026-10-01T16:45:12+0200] absorbed stale (paused, awaiting external, age 17s): lab:crew
[2026-10-01T16:45:13+0200] absorbed stale (paused, awaiting external, age 18s): lab:crew
[2026-10-01T16:45:15+0200] absorbed stale (paused, awaiting external, age 20s): lab:crew
[2026-10-01T16:45:16+0200] absorbed stale (paused, awaiting external, age 21s): lab:crew
[2026-10-01T16:45:18+0200] absorbed stale (paused, awaiting external, age 23s): lab:crew
[2026-10-01T16:45:19+0200] absorbed stale (paused, awaiting external, age 24s): lab:crew
[2026-10-01T16:45:21+0200] absorbed stale (paused, awaiting external, age 26s): lab:crew
[2026-10-01T16:45:23+0200] absorbed stale (paused, awaiting external, age 28s): lab:crew
[2026-10-01T16:45:24+0200] absorbed stale (paused, awaiting external, age 29s): lab:crew
[2026-10-01T16:45:26+0200] absorbed stale (paused, awaiting external, age 31s): lab:crew
[2026-10-01T16:45:27+0200] absorbed stale (paused, awaiting external, age 32s): lab:crew
[2026-10-01T16:45:29+0200] absorbed stale (paused, awaiting external, age 34s): lab:crew
[2026-10-01T16:45:31+0200] absorbed non-terminal stale (provably working after a declared pause) timer reset: lab:crew
[2026-10-01T16:45:31+0200] absorbed non-terminal stale (provably working): lab:crew
[2026-10-01T16:45:32+0200] absorbed non-terminal stale (provably working): lab:crew
[2026-10-01T16:45:34+0200] absorbed non-terminal stale (provably working): lab:crew
[2026-10-01T16:45:35+0200] absorbed non-terminal stale (provably working): lab:crew
[2026-10-01T16:45:37+0200] absorbed non-terminal stale (provably working): lab:crew
[2026-10-01T16:45:39+0200] absorbed non-terminal stale (provably working): lab:crew
[2026-10-01T16:45:40+0200] absorbed non-terminal stale (provably working): lab:crew
[2026-10-01T16:45:42+0200] absorbed non-terminal stale (provably working): lab:crew
[2026-10-01T16:45:43+0200] absorbed non-terminal stale (provably working): lab:crew
[2026-10-01T16:45:45+0200] absorbed non-terminal stale (provably working): lab:crew
[2026-10-01T16:45:50+0200] absorbed non-terminal stale (provably working): lab:crew
[2026-10-01T16:45:52+0200] absorbed non-terminal stale (provably working): lab:crew
[2026-10-01T16:45:53+0200] absorbed non-terminal stale (provably working): lab:crew
[2026-10-01T16:45:55+0200] absorbed non-terminal stale (provably working): lab:crew
[2026-10-01T16:45:57+0200] absorbed non-terminal stale (provably working): lab:crew
[2026-10-01T16:45:58+0200] absorbed non-terminal stale (provably working): lab:crew
[2026-10-01T16:46:00+0200] absorbed non-terminal stale (provably working): lab:crew
[2026-10-01T16:46:01+0200] absorbed non-terminal stale (provably working): lab:crew
[2026-10-01T16:46:03+0200] absorbed non-terminal stale (provably working after a declared pause) (declared wait explains the quiet, idle 16s): lab:crew
[2026-10-01T16:46:03+0200] absorbed non-terminal stale (provably working): lab:crew
[2026-10-01T16:46:05+0200] absorbed non-terminal stale (provably working): lab:crew
[2026-10-01T16:46:06+0200] absorbed non-terminal stale (provably working): lab:crew
[2026-10-01T16:46:08+0200] absorbed non-terminal stale (provably working): lab:crew
[2026-10-01T16:46:09+0200] absorbed non-terminal stale (provably working): lab:crew
[2026-10-01T16:46:11+0200] absorbed non-terminal stale (provably working): lab:crew
[2026-10-01T16:46:12+0200] absorbed non-terminal stale (provably working): lab:crew
[2026-10-01T16:46:14+0200] absorbed non-terminal stale (provably working): lab:crew
[2026-10-01T16:46:16+0200] absorbed non-terminal stale (provably working): lab:crew
[2026-10-01T16:46:17+0200] absorbed non-terminal stale (provably working): lab:crew
[2026-10-01T16:46:23+0200] absorbed stale (captain-held, awaiting the captain, age 5s): lab:crew
[2026-10-01T16:46:24+0200] absorbed stale (captain-held, awaiting the captain, age 6s): lab:crew
[2026-10-01T16:46:26+0200] absorbed stale (captain-held, awaiting the captain, age 8s): lab:crew
[2026-10-01T16:46:27+0200] absorbed stale (captain-held, awaiting the captain, age 9s): lab:crew
[2026-10-01T16:46:29+0200] absorbed stale (captain-held, awaiting the captain, age 11s): lab:crew
[2026-10-01T16:46:31+0200] absorbed stale (captain-held, awaiting the captain, age 13s): lab:crew
[2026-10-01T16:46:32+0200] absorbed stale (captain-held, awaiting the captain, age 14s): lab:crew
[2026-10-01T16:46:34+0200] absorbed stale (captain-held, awaiting the captain, age 16s): lab:crew
[2026-10-01T16:46:36+0200] absorbed stale (captain-held, awaiting the captain, age 17s): lab:crew
[2026-10-01T16:46:37+0200] absorbed stale (captain-held, awaiting the captain, age 19s): lab:crew
[2026-10-01T16:46:39+0200] absorbed stale (captain-held, awaiting the captain, age 21s): lab:crew
[2026-10-01T16:46:40+0200] absorbed stale (captain-held, awaiting the captain, age 22s): lab:crew
[2026-10-01T16:46:42+0200] absorbed stale (captain-held, awaiting the captain, age 24s): lab:crew
[2026-10-01T16:46:44+0200] absorbed stale (captain-held, awaiting the captain, age 26s): lab:crew
[2026-10-01T16:46:45+0200] absorbed stale (captain-held, awaiting the captain, age 27s): lab:crew
[2026-10-01T16:46:47+0200] absorbed stale (captain-held, awaiting the captain, age 29s): lab:crew
[2026-10-01T16:46:48+0200] absorbed stale (captain-held, awaiting the captain, age 30s): lab:crew
[2026-10-01T16:46:50+0200] absorbed stale (captain-held, awaiting the captain, age 32s): lab:crew
[2026-10-01T16:46:52+0200] absorbed stale (captain-held, awaiting the captain, age 34s): lab:crew
[2026-10-01T16:46:53+0200] absorbed stale (captain-held, awaiting the captain, age 35s): lab:crew
[2026-10-01T16:46:55+0200] absorbed stale (captain-held, awaiting the captain, age 37s): lab:crew
[2026-10-01T16:46:56+0200] absorbed stale (captain-held, awaiting the captain, age 38s): lab:crew
[2026-10-01T16:46:58+0200] absorbed stale (captain-held, awaiting the captain, age 40s): lab:crew
[2026-10-01T16:47:00+0200] absorbed stale (captain-held, awaiting the captain, age 42s): lab:crew
[2026-10-01T16:47:01+0200] absorbed stale (captain-held, awaiting the captain, age 43s): lab:crew
[2026-10-01T16:47:03+0200] absorbed stale (captain-held, awaiting the captain, age 45s): lab:crew
[2026-10-01T16:47:08+0200] absorbed stale (captain-held, awaiting the captain, age 50s): lab:crew
[2026-10-01T16:47:10+0200] absorbed stale (captain-held, awaiting the captain, age 52s): lab:crew
[2026-10-01T16:47:11+0200] absorbed stale (captain-held, awaiting the captain, age 53s): lab:crew
[2026-10-01T16:47:13+0200] absorbed stale (captain-held, awaiting the captain, age 55s): lab:crew
[2026-10-01T16:47:15+0200] absorbed stale (captain-held, awaiting the captain, age 57s): lab:crew
[2026-10-01T16:47:16+0200] absorbed stale (captain-held, awaiting the captain, age 58s): lab:crew
[2026-10-01T16:47:18+0200] absorbed stale (captain-held, awaiting the captain, age 60s): lab:crew
[2026-10-01T16:47:19+0200] absorbed stale (captain-held, awaiting the captain, age 61s): lab:crew
[2026-10-01T16:47:21+0200] absorbed stale (captain-held, awaiting the captain, age 63s): lab:crew
[2026-10-01T16:47:23+0200] absorbed stale (captain-held, awaiting the captain, age 65s): lab:crew
[2026-10-01T16:47:24+0200] absorbed stale (captain-held, awaiting the captain, age 66s): lab:crew
[2026-10-01T16:47:26+0200] absorbed stale (captain-held, awaiting the captain, age 68s): lab:crew
[2026-10-01T16:47:27+0200] absorbed stale (captain-held, awaiting the captain, age 69s): lab:crew
[2026-10-01T16:47:29+0200] absorbed stale (captain-held, awaiting the captain, age 71s): lab:crew
[2026-10-01T16:47:31+0200] absorbed stale (captain-held, awaiting the captain, age 73s): lab:crew
[2026-10-01T16:47:32+0200] absorbed stale (captain-held, awaiting the captain, age 74s): lab:crew
[2026-10-01T16:47:34+0200] absorbed stale (captain-held, awaiting the captain, age 76s): lab:crew
[2026-10-01T16:47:36+0200] absorbed stale (captain-held, awaiting the captain, age 78s): lab:crew
[2026-10-01T16:47:37+0200] absorbed stale (captain-held, awaiting the captain, age 79s): lab:crew
[2026-10-01T16:47:39+0200] absorbed stale (captain-held, awaiting the captain, age 81s): lab:crew
[2026-10-01T16:47:41+0200] absorbed stale (captain-held, awaiting the captain, age 83s): lab:crew
[2026-10-01T16:47:42+0200] absorbed stale (captain-held, awaiting the captain, age 84s): lab:crew
[2026-10-01T16:47:44+0200] absorbed stale (captain-held, awaiting the captain, age 86s): lab:crew
[2026-10-01T16:47:45+0200] absorbed stale (captain-held, awaiting the captain, age 87s): lab:crew
[2026-10-01T16:47:47+0200] absorbed stale (captain-held, awaiting the captain, age 89s): lab:crew
[2026-10-01T16:47:49+0200] absorbed stale (captain-held, awaiting the captain, age 91s): lab:crew
[2026-10-01T16:47:54+0200] absorbed stale (captain-held, awaiting the captain, age 96s): lab:crew
[2026-10-01T16:47:56+0200] absorbed stale (captain-held, awaiting the captain, age 98s): lab:crew
[2026-10-01T16:47:57+0200] absorbed stale (captain-held, awaiting the captain, age 99s): lab:crew
[2026-10-01T16:47:59+0200] absorbed stale (captain-held, awaiting the captain, age 101s): lab:crew
[2026-10-01T16:48:00+0200] absorbed stale (captain-held, awaiting the captain, age 102s): lab:crew
[2026-10-01T16:48:02+0200] absorbed stale (captain-held, awaiting the captain, age 104s): lab:crew
[2026-10-01T16:48:04+0200] absorbed stale (captain-held, awaiting the captain, age 106s): lab:crew
[2026-10-01T16:48:05+0200] absorbed stale (captain-held, awaiting the captain, age 107s): lab:crew
