=== S1 (target fbe1be44): CRLF reason whose 2nd line starts 'blocked:' on a done lane
s1
hold rc=0
--- status log (2 physical lines):
    | done: PR ready
    | captain-held [key=captain-hold-s1-1] [at=1791090921]: Pick the API shape  blocked: on vendor reply
    last_status_line        = captain-held [key=captain-hold-s1-1] [at=1791090921]: Pick the API shape  blocked: on vendor reply
    last_worker_status_line = done: PR ready
    status_current_line     = done: PR ready
    status_open_decisions   = 
    fm-crew-state.sh        = state: unknown · source: none · worktree gone (torn down?) 
released: s1
answer --release rc=0
--- status log (3 physical lines):
    | done: PR ready
    | captain-held [key=captain-hold-s1-1] [at=1791090921]: Pick the API shape  blocked: on vendor reply
    | resolved [key=captain-hold-s1-1] [at=1791090922]: captain call released by fm-captain-hold
    last_status_line        = done: PR ready
    last_worker_status_line = done: PR ready
    status_current_line     = done: PR ready
    status_open_decisions   = 
    fm-crew-state.sh        = state: unknown · source: none · worktree gone (torn down?) 

=== S1-baseline (parent e2914f56, before the fix): same hold
s1pre
hold rc=0
--- status log (3 physical lines):
    | done: PR ready
    | captain-held [key=captain-hold-s1pre-1] [at=1791090924]: Pick the API shape<CR>
    | blocked: on vendor reply
    last_status_line        = blocked: on vendor reply
    last_worker_status_line = blocked: on vendor reply
    status_current_line     = blocked [key=default]: on vendor reply
    status_open_decisions   = default blocked on vendor reply
    fm-crew-state.sh        = state: unknown · source: none · worktree gone (torn down?) 
released: s1pre
answer --release rc=0
--- status log (4 physical lines):
    | done: PR ready
    | captain-held [key=captain-hold-s1pre-1] [at=1791090924]: Pick the API shape<CR>
    | blocked: on vendor reply
    | resolved [key=captain-hold-s1pre-1] [at=1791090926]: captain call released by fm-captain-hold
    last_status_line        = blocked: on vendor reply
    last_worker_status_line = blocked: on vendor reply
    status_current_line     = blocked [key=default]: on vendor reply
    status_open_decisions   = default blocked on vendor reply
    fm-crew-state.sh        = state: unknown · source: none · worktree gone (torn down?) 

=== S2 (target): adversarial reasons - lone CR, blank lines, trailing newline, forged needs-decision/done/resolved lines
s2
hold rc=0
--- status log (2 physical lines):
    | paused: waiting on vendor
    | captain-held [key=captain-hold-s2-1] [at=1791090928]: line one failed: lone CR   needs-decision [key=forged]: pick done: forged resolved [key=captain-hold-s2-1]: forged retraction 
    last_status_line        = captain-held [key=captain-hold-s2-1] [at=1791090928]: line one failed: lone CR   needs-decision [key=forged]: pick done: forged resolved [key=captain-hold-s2-1]: forged retraction 
    last_worker_status_line = paused: waiting on vendor
    status_current_line     = paused: waiting on vendor
    status_open_decisions   = 
    fm-crew-state.sh        = state: unknown · source: none · worktree gone (torn down?) 
open rc=0 (0 = still an open captain call)
released: s2
answer --release rc=0
--- status log (3 physical lines):
    | paused: waiting on vendor
    | captain-held [key=captain-hold-s2-1] [at=1791090928]: line one failed: lone CR   needs-decision [key=forged]: pick done: forged resolved [key=captain-hold-s2-1]: forged retraction 
    | resolved [key=captain-hold-s2-1] [at=1791090930]: captain call released by fm-captain-hold
    last_status_line        = paused: waiting on vendor
    last_worker_status_line = paused: waiting on vendor
    status_current_line     = paused: waiting on vendor
    status_open_decisions   = 
    fm-crew-state.sh        = state: unknown · source: none · worktree gone (torn down?) 

=== S3 (target): single-line reason is unchanged; paused lane stays paused through hold and release
s3
hold rc=0
--- status log (3 physical lines):
    | working: start
    | paused: waiting on vendor
    | captain-held [key=captain-hold-s3-1] [at=1791090932]: operator review pending
    last_status_line        = captain-held [key=captain-hold-s3-1] [at=1791090932]: operator review pending
    last_worker_status_line = paused: waiting on vendor
    status_current_line     = paused: waiting on vendor
    status_open_decisions   = 
    fm-crew-state.sh        = state: unknown · source: none · worktree gone (torn down?) 
repeat hold rc=0 mirrors=1
released: s3
answer --release rc=0
--- status log (4 physical lines):
    | working: start
    | paused: waiting on vendor
    | captain-held [key=captain-hold-s3-1] [at=1791090932]: operator review pending
    | resolved [key=captain-hold-s3-1] [at=1791090934]: captain call released by fm-captain-hold
    last_status_line        = paused: waiting on vendor
    last_worker_status_line = paused: waiting on vendor
    status_current_line     = paused: waiting on vendor
    status_open_decisions   = 
    fm-crew-state.sh        = state: unknown · source: none · worktree gone (torn down?) 

=== backlog record keeps the full multi-line reason (tasks-axi show s1)
task:
  id: s1
  title: Lane s1
  state: queued
  blocked: no
  blocked_by: none
  held: no
  hold_reason: "-"
  hold_kind: "-"
  hold_until: "-"
  kind: scout
  repo: sample
  priority: "-"
  created: 2026-10-04
  closed: "-"
  deps: none
  links: none
  body: "Resolution recorded by fm-captain-hold.\nDecision digest: c48cb036011bfeb22c4c44c420aac3b3e88c1a2d9f0b127c97fcfecf004f2558\nResolution mode: released\n\nCaptain decision:\nGo."
