
== 1. reader advances over a 77-byte log, then the log is replaced by a 2-byte file
registered: remote-reply-ios (remote-reply)
armed: remote-reply-ios offset=0
PASS  original log size (77)
captured result 2: status=continuity-broken from_offset=77 to_offset=2 reason=truncated 
classify: continuity-broken
handle exit status: 3 (continuity-broken: ios (truncated) already-handled: remote-reply-ios 2 <worktree>/bin/fm-procevent-remote-reply.sh: line 1: tmp: unbound variable )
cursor file: schema=fm-remote-reply-cursor.v1 offset=77 prefix_sha256=c0fd1ee9a3c3d2fe0a0bdd39978b6ed817077ccaafb6795802bb5b3933e13f17 
continuity file: schema=fm-remote-reply-continuity.v1 offset=77 prefix_sha256=c0fd1ee9a3c3d2fe0a0bdd39978b6ed817077ccaafb6795802bb5b3933e13f17 retired=0 
blocked continuity lines: 1
open decisions: remote-reply-continuity-ios blocked 
PASS  first break handle exit status (3)
PASS  blocked lines after first break (1)
PASS  open decision after first break (remote-reply-continuity-ios	blocked)

== 2. operator resolves the continuity decision
fm-send.sh ios --resolve-key remote-reply-continuity-ios exit status: 0
close line: resolved [key=remote-reply-continuity-ios] [at=1791300150]: answered: accepted the continuity break
PASS  operator resolve exit status (0)
PASS  open decisions after resolve ()
PASS  blocked lines after resolve (1)

== 3. a later read of that same shortened log (cursor has not moved)
registered: remote-reply-ios (remote-reply)
armed: remote-reply-ios offset=77
captured result 3: status=continuity-broken from_offset=77 to_offset=2 reason=truncated 
classify: continuity-broken
handle exit status: 3 (continuity-broken: ios (truncated) already-handled: remote-reply-ios 3 <worktree>/bin/fm-procevent-remote-reply.sh: line 1: tmp: unbound variable )
cursor file: schema=fm-remote-reply-cursor.v1 offset=77 prefix_sha256=c0fd1ee9a3c3d2fe0a0bdd39978b6ed817077ccaafb6795802bb5b3933e13f17 
continuity file: schema=fm-remote-reply-continuity.v1 offset=77 prefix_sha256=c0fd1ee9a3c3d2fe0a0bdd39978b6ed817077ccaafb6795802bb5b3933e13f17 retired=0 
blocked continuity lines: 1
open decisions: 
PASS  repeat break handle exit status (3)
PASS  blocked lines after unchanged re-read (1)
PASS  open decisions after unchanged re-read ()

== 4. retire the route, restore a 43-byte log, reader advances from the start
retired: remote-reply-ios
cursor file: <absent>
continuity file: schema=fm-remote-reply-continuity.v1 offset=77 prefix_sha256=c0fd1ee9a3c3d2fe0a0bdd39978b6ed817077ccaafb6795802bb5b3933e13f17 retired=1 
blocked continuity lines: 1
open decisions: 
registered: remote-reply-ios (remote-reply)
armed: remote-reply-ios offset=0
cursor file: schema=fm-remote-reply-cursor.v1 offset=43 prefix_sha256=1492dcfcad4acce35e38cd5273652165c5350b58a10d3e42538e246bcf54b026 
continuity file: schema=fm-remote-reply-continuity.v1 offset=77 prefix_sha256=c0fd1ee9a3c3d2fe0a0bdd39978b6ed817077ccaafb6795802bb5b3933e13f17 retired=1 
blocked continuity lines: 1
open decisions: 
PASS  cursor offset after restore (43)
PASS  blocked lines after restore (1)
PASS  open decisions after restore ()

== 5. empty the restored log: the second, distinct break
captured result 5: status=continuity-broken from_offset=43 to_offset=0 reason=truncated 
classify: continuity-broken
handle exit status: 3 (continuity-broken: ios (truncated) already-handled: remote-reply-ios 5 <worktree>/bin/fm-procevent-remote-reply.sh: line 1: tmp: unbound variable )
cursor file: schema=fm-remote-reply-cursor.v1 offset=43 prefix_sha256=1492dcfcad4acce35e38cd5273652165c5350b58a10d3e42538e246bcf54b026 
continuity file: schema=fm-remote-reply-continuity.v1 offset=43 prefix_sha256=1492dcfcad4acce35e38cd5273652165c5350b58a10d3e42538e246bcf54b026 retired=0 
blocked continuity lines: 2
open decisions: remote-reply-continuity-ios blocked 
PASS  second break handle exit status (3)
PASS  blocked lines after second break (2)
PASS  open decision after second break (remote-reply-continuity-ios	blocked)

== 6. adversarial: replay the same captured result, then read the unchanged empty log again
PASS  blocked lines after replayed ingest (2)
registered: remote-reply-ios (remote-reply)
armed: remote-reply-ios offset=43
captured result 6: status=continuity-broken from_offset=43 to_offset=0 reason=truncated 
classify: continuity-broken
handle exit status: 3 (continuity-broken: ios (truncated) already-handled: remote-reply-ios 6 <worktree>/bin/fm-procevent-remote-reply.sh: line 1: tmp: unbound variable )
PASS  blocked lines after a fresh read of the unchanged break (2)

== 7. adversarial: resolve, then read the unchanged break once more (must stay closed)
fm-send.sh ios --resolve-key remote-reply-continuity-ios exit status: 0
close line: resolved [key=remote-reply-continuity-ios] [at=1791300172]: answered: accepted the continuity break
registered: remote-reply-ios (remote-reply)
armed: remote-reply-ios offset=43
captured result 7: status=continuity-broken from_offset=43 to_offset=0 reason=truncated 
classify: continuity-broken
handle exit status: 3 (continuity-broken: ios (truncated) already-handled: remote-reply-ios 7 <worktree>/bin/fm-procevent-remote-reply.sh: line 1: tmp: unbound variable )
cursor file: schema=fm-remote-reply-cursor.v1 offset=43 prefix_sha256=1492dcfcad4acce35e38cd5273652165c5350b58a10d3e42538e246bcf54b026 
continuity file: schema=fm-remote-reply-continuity.v1 offset=43 prefix_sha256=1492dcfcad4acce35e38cd5273652165c5350b58a10d3e42538e246bcf54b026 retired=0 
blocked continuity lines: 2
open decisions: 
PASS  blocked lines after resolve and unchanged re-read (2)
PASS  open decisions after resolve and unchanged re-read ()

== 8. no retirement: the 43-byte log comes back with one more line, the reader advances, the log is emptied
registered: remote-reply-ios (remote-reply)
armed: remote-reply-ios offset=43
cursor file: schema=fm-remote-reply-cursor.v1 offset=80 prefix_sha256=6945476397f8e85fd5f66a5082c61e0b20aede72e1e822b17219a8e89382932e 
continuity file: schema=fm-remote-reply-continuity.v1 offset=43 prefix_sha256=1492dcfcad4acce35e38cd5273652165c5350b58a10d3e42538e246bcf54b026 retired=0 
blocked continuity lines: 2
open decisions: 
PASS  open decisions after the cursor moved ()
captured result 9: status=continuity-broken from_offset=80 to_offset=0 reason=truncated 
classify: continuity-broken
handle exit status: 3 (continuity-broken: ios (truncated) already-handled: remote-reply-ios 9 <worktree>/bin/fm-procevent-remote-reply.sh: line 1: tmp: unbound variable )
cursor file: schema=fm-remote-reply-cursor.v1 offset=80 prefix_sha256=6945476397f8e85fd5f66a5082c61e0b20aede72e1e822b17219a8e89382932e 
continuity file: schema=fm-remote-reply-continuity.v1 offset=80 prefix_sha256=6945476397f8e85fd5f66a5082c61e0b20aede72e1e822b17219a8e89382932e retired=0 
blocked continuity lines: 3
open decisions: remote-reply-continuity-ios blocked 
PASS  moved-cursor break handle exit status (3)
PASS  blocked lines after the moved-cursor break (3)
PASS  open decision after the moved-cursor break (remote-reply-continuity-ios	blocked)

== final parent status log (continuity lines)
blocked [key=remote-reply-continuity-ios] [at=1791300147]: remote reply continuity broke for ios (truncated)
resolved [key=remote-reply-continuity-ios] [at=1791300150]: answered: accepted the continuity break
blocked [key=remote-reply-continuity-ios] [at=1791300164]: remote reply continuity broke for ios (truncated)
resolved [key=remote-reply-continuity-ios] [at=1791300172]: answered: accepted the continuity break
blocked [key=remote-reply-continuity-ios] [at=1791300186]: remote reply continuity broke for ios (truncated)

RESULT: 0 failed expectation(s)
