ok - a blocking non-destructive remote delta reaches durable process-event capture
ok - a captured delta is applied, acknowledged, and re-armed without a handler
ok - ingest appends one validated line, fetches its document, and advances the cursor
ok - replayed capture has one deduplicated append and one durable handling identity
cannot retire terminal source; it remains registered: remote-reply-ios
cannot retire terminal source; it remains registered: remote-reply-ios
ok - later generations cannot invalidate an unacknowledged ingested result
cannot retire terminal source; it remains registered: remote-reply-ios
ok - the remote status and decision model mirrors and the cursor advances
ok - a remote mate's new decision folds open exactly as a local mate's does
ok - a replayed mirrored delta is idempotent in both the stream and the cursor
Remote source status records:
done [corr=0123456789abcdef] [at=1700000000]: build verified (data/reply/report.md)
working [corr=1111111111111111]: second generation
done [corr=2222222222222222]: third generation
working [key=version-audit]: family --version audit complete (data/reply/report.md)
needs-decision [key=rough-cut-version]: implement --version or retire the tool
needs-decision [at=1700000000]: which base branch?
needs-decision [at=1700086400]: which base branch?
done [corr=ff560d344efb0a6a]: release chain audited

Parent status after handling and replaying generation 4:
done [corr=0123456789abcdef] [at=1700000000]: build verified (data/remote-secondmates/ios/data/reply/report.md)
working [corr=1111111111111111]: second generation
done [corr=2222222222222222]: third generation
working [key=version-audit]: family --version audit complete (data/remote-secondmates/ios/data/reply/report.md)
needs-decision [key=rough-cut-version]: implement --version or retire the tool
needs-decision [at=1700000000]: which base branch?
needs-decision [at=1700086400]: which base branch?
done [corr=ff560d344efb0a6a]: release chain audited

Committed remote cursor:
schema=fm-remote-reply-cursor.v1
offset=499
prefix_sha256=21b19c1a96bd0465ce20909cfc0fbcd9eedcb59ee3f223af81bf8568f83c1e59
cannot retire terminal source; it remains registered: remote-reply-ios
ok - transported control bytes are normalized in place and never stop the stream
cannot retire terminal source; it remains registered: remote-reply-ios
ok - payload protocol-field names cannot collide with transport metadata
cannot retire terminal source; it remains registered: remote-reply-ios
ok - NUL bytes are normalized in place before shell line processing
ok - local document storage failures remain retryable until delivery succeeds
ok - a mirrored reserved-key line cannot squat or clear the parent's own decision
ok - a reply that arrives after escalation resolves it and clears the open decision
ok - a preempted reply poll cannot publish channel freshness
ok - a quiet reply window publishes the caught-up watermark the reply guard reads
ok - a cursor-loss whole-log recapture is acknowledged quietly with no duplicate wake

New continuity escalation after ingest retry:
blocked [key=remote-reply-continuity-ios] [at=1789075753]: remote reply continuity broke for ios (truncated)
ok - truncation is detected, escalated once, and not silently rebased
ok - remote reply retirement quiesces and refuses unhandled captured results
ALL TESTS PASSED
exit=0
