ok - FM_HOME parameterizes data and state paths
ok - fm-lock status is scoped per home
ok - seed allows overlapping project clone lists and drops the owns/owner routing
ok - home-seed validation rejects registry records no operational parser can consume
ok - home seeding refuses broken registry symlinks before provisioning
ok - home seeding refuses unreadable registries before provisioning
ok - home seed validation rejects duplicate home routes
ok - home seed validation rejects duplicate id routes
ok - home seed validation rejects nested home routes
leased worktree for dash
ok - home seeding durably leases treehouse-acquired dash homes under the secondmate id
ok - home seeding returns rejected acquired homes through treehouse
ok - home seed rollback warns when treehouse-acquired return fails
ok - home seeding leaves unsafe acquired active homes untouched
ok - home seeding rolls back failed clone attempts without residue
ok - home seeding refuses direct seed without filled charter text
ok - home seeding refuses unfilled placeholder charters
ok - home seeding refuses empty normalized charter fields
ok - home seeding scaffolds, registers, and spawns a project-less home end to end
ok - secondmate spawn resolves home validation and projects from punctuated registry fields
ok - secondmate spawn refuses ambiguous, supplied-home, and metadata-home registry bindings
ok - home seeding validates reused project-less charters before mutation
ok - home seeding refuses project-less conversion of a populated home
ok - home seeding refuses project-less homes whose projects directory cannot be inspected
ok - home seeding refuses project-less homes with symlinked projects directories
ok - home seeding refuses project-less homes with non-directory projects paths
ok - home seeding refuses project-less homes whose project registry cannot be inspected
ok - home seeding fails loudly on accidental project omission and rejects mixed --no-projects
ok - home seeding refuses local-only projects
ok - home seeding refuses registry delimiter home paths
ok - home seeding refuses active home and repo root
Terminated: 15             git -C "$dir" add README.md
