=== fm-dod-lib
ok - scout done: is not gated
ok - unpushed ship done: is refused
ok - no-mistakes pre-validation done: is not gated
ok - named head on a remote-tracking ref is accepted
ok - a moved remote branch that lacks the named head is refused
ok - a 40-hex token in the note is not the named head
ok - a recorded merged PR satisfies the gate after prune
ok - the merged-PR short-circuit applies only to the recorded PR the done line names
ok - a forge-recorded head for the named PR is accepted without a local object
ok - a direct-PR recorded head does not cover a later unpushed commit
ok - no-mistakes CI-ready done: with extra text is gated
ok - local-only linked named branch is reachable from the project clone
ok - local-only detached HEAD only in the disposable copy is refused
ok - standalone local-only done: requires the named head in a distinct project clone
ok - non-done lines are not gated
all fm-dod-lib tests passed
exit= secs=17
=== fm-crew-state
ok - unresolvable terminal row never reads as current
ok - runs-list continuation attribution works when axi answers another branch
ok - herdr stale registration over a shell-only pane reads agent gone, not alive
ok - herdr stale working record never reports a shell-only pane busy
ok - capped overview retains both competing same-branch run ids
ok - same-branch identity survives both runs falling outside the overview
ok - complete inventory preserves the replacement gate without writes
ok - missing complete-inventory failure reports unknown
ok - corrupt complete-inventory failure reports unknown
ok - schema complete-inventory failure reports unknown
ok - repo complete-inventory failure reports unknown
ok - count complete-inventory failure reports unknown
ok - R6 complete selection ignores unrelated branch semantics
ok - R6 requested branches use exact identity without a whitelist
ok - R6 capped inventory ignores unrelated semantics and names both ids
ok - R6 complete identity lookup precedes partial-row semantic rejection
ok - R6 capped inventory preserves quoted requested-branch identity
ok - R6 structural completeness and requested-run validation remain enforced
ok - R5 complete inventory without Python keeps the replacement gate
ok - R5 complete ambiguity without Python names both ids
ok - R5 capped lookup without Python preserves available ids
ok - R5 capped lookup without SQLite support preserves available ids
ok - R1 both directions of inventory liveness disagreement read unknown
ok - R2 uninitialized busy workers retain pane reporting
ok - R2 uninitialized idle workers retain status reporting
ok - R3 historical inventory yields to the current busy pane
ok - R3 historical inventory yields to current worker status
ok - superseded cancelled run preserves the replacement review gate
ok - competing live runs report unknown with both run ids
ok - newer failed run remains failed beside an older live run
ok - missing run selection reports unknown with candidate ids
ok - wrong-id run selection reports unknown with candidate ids
ok - wrong-branch run selection reports unknown with candidate ids
ok - wrong-head run selection reports unknown with candidate ids
ok - missing-status run selection reports unknown with candidate ids
ok - malformed-table run selection reports unknown with candidate ids
ok - inventory-error run selection reports unknown with candidate ids
ok - selected-error run selection reports unknown with candidate ids
ok - legacy conflicting run records report unknown
all fm-crew-state tests passed
exit= secs=434
=== fm-inactive-reconcile
ok - multiline terminal outcomes are reported once before or during a state read
ok - an unterminated continuation line does not withhold a proven child outcome
ok - busy child locks do not starve later ledger outcomes
ok - ledger delivery carries the report pointer, the failed verb, and each new terminal line
ok - pr= requires the recorded PR or a ready-signal terminal line, and never a scout
ok - terminal lines arriving during state reads remain ledger-owned
ok - inactive and ledger paths reconcile one raced completion without hiding later events
ok - progress after an inactive fallback starts a distinct terminal event
ok - complete long ledger lines retain distinct receipt identities
ok - a ledger line still being appended waits for its newline
ok - the remote route carries a child's ledger line once
ok - report delivers a child's final line, owes nothing twice, and refuses only an unwritable channel
actionable: child outcome needs parent report: child=child state=done (missing or unreadable parent binding .fm-secondmate-parent)
ok - a pending ship done: is delivered by report after teardown removed the worktree
ok - report preserves teardown's metadata-before-scan lock order
actionable: child outcome needs parent report: child=child state=failed (missing or unreadable parent binding .fm-secondmate-parent)
ok - relative local parent homes fail closed
ok - invalid secondmate markers block routing and surface the obligation
ok - remote parent-replies mirror input is durable and idempotent
ok - reused task ids retain per-incarnation terminal receipts
ok - legacy metadata rewrites preserve terminal receipt identity
ok - relaunch cannot replace metadata during terminal snapshot
actionable: inactive terminal outcome awaiting captain presentation: child=child state=done pr=https://example.test/owner/repo/pull/1
ok - terminal reconciliation ignores heartbeat backoff state
actionable: inactive terminal outcome awaiting captain presentation: child=child state=done pr=https://example.test/owner/repo/pull/1
ok - scan marker replaces a symlink without overwriting its target
ok - nonterminal and captain-held workers remain outside inactive terminal reporting
ok - watcher hook wakes for terminal loss and preserves idle secondmate exemption
ok - the real watcher poll delivers a child's terminal ledger line to the parent channel
actionable: inactive terminal outcome awaiting captain presentation: child=b state=done pr=https://example.test/owner/repo/pull/1
ok - stalled state reads are bounded without starving later children
ok - aggregate scan budget includes durable wake operations
actionable: inactive terminal outcome needs parent report: child=child state=failed (missing or unreadable parent binding .fm-secondmate-parent)
ok - notice recovery remains idempotent across queue acknowledgement
ok - a secondmate home with no parent binding names the missing binding instead of failing quietly
actionable: inactive terminal outcome awaiting captain presentation: child=child state=done pr=https://example.test/owner/repo/pull/1
ok - reconciliation makes zero forge or PR API calls
actionable: inactive terminal outcome awaiting captain presentation: child=child state=done pr=https://example.test/owner/repo/pull/1
ok - reconciliation state reads set no-forge mode
all inactive reconciliation tests passed
exit= secs=196
