=== fm-pr-check-security
ok - merged poll retirement preserves every persistent secondmate lifecycle artifact
ok - queue, receipt, and every fixed-path removal crash point recover without loss or repeated execution
ok - open/red, closed-unmerged, malformed, and forge errors remain armed until an exact merged transition
ok - replacement, nonterminal, tampered, and custom results receive no deletion authority
ok - queue failure and untrusted receipts preserve canonical poll evidence
ok - GitHub and GitLab exact merged results share one retirement path
ok - PR and teardown entrypoints reject invalid arguments before every side effect
ok - fm-pr-check refuses to register a PR whose named head is only in the worker copy
ok - fm-pr-check refuses a direct-PR registration while a later commit is only in the copy
ok - valid direct and merge flows record exact metadata and reject multiline head metadata
ok - rejected metacharacter bytes remain inert at generation and watcher time
ok - static poll is silent except for one merged line and remains watcher-bounded
ok - interrupted atomic preparation cleans private temporaries and publishes nothing
ok - concurrent watchers observe only complete private poll publications
ok - poll publication paths refuse symlinks and directories
ok - live poll and custom-check artifacts require private single-link files
ok - a poll armed before a volume renumber is re-recorded under the control lock and keeps detecting merges
ok - a renumbered registration is never re-recorded around a tampered artifact: swapped-check altered-check swapped-sidecar altered-sidecar altered-template-hash wrong-mode hardlinked-check split-device (foreign-device not exercisable on Darwin), or a pending retirement
ok - direct re-arm publication waits without replacing an armed poll
ok - device re-record publication waits without rewriting its registration
ok - post-rename poll validation faults revoke both names and allow a clean retry
ok - bootstrap does not rewrite unauthenticated checks or emit retired migration diagnostics
ok - watcher signals promptly stop custom checks and clean private state
ok - returned custom check descendants are drained on installed and fallback timeout paths
ok - teardown removes safe poll artifacts and refuses directory-shaped check files without traversal
exit=0 secs=696
=== fm-secondmate-safety
